#
# There is insufficient memory for the Java Runtime Environment to continue.
# Native memory allocation (mmap) failed to map 264241152 bytes. Error detail: G1 virtual space
# Possible reasons:
#   The system is out of physical RAM or swap space
#   This process is running with CompressedOops enabled, and the Java Heap may be blocking the growth of the native heap
# Possible solutions:
#   Reduce memory load on the system
#   Increase physical memory or swap space
#   Check if swap backing store is full
#   Decrease Java heap size (-Xmx/-Xms)
#   Decrease number of Java threads
#   Decrease Java thread stack sizes (-Xss)
#   Set larger code cache with -XX:ReservedCodeCacheSize=
#   JVM is running with Zero Based Compressed Oops mode in which the Java heap is
#     placed in the first 32GB address space. The Java Heap base address is the
#     maximum limit for the native heap growth. Please use -XX:HeapBaseMinAddress
#     to set the Java Heap base and to place the Java Heap above 32GB virtual address.
# This output file may be truncated or incomplete.
#
#  Out of Memory Error (os_windows.cpp:3898), pid=229784, tid=228972
#
# JRE version:  (21.0.7+6) (build )
# Java VM: OpenJDK 64-Bit Server VM (21.0.7+6-b1038.58, mixed mode, sharing, tiered, compressed oops, compressed class ptrs, g1 gc, windows-amd64)
# No core dump will be written. Minidumps are not enabled by default on client versions of Windows
#

---------------  S U M M A R Y ------------

Command Line: git4idea.http.GitAskPassApp Username for 'https://github.com': 

Host: Intel(R) Core(TM) i7-8665U CPU @ 1.90GHz, 8 cores, 15G,  Windows 11 , 64 bit Build 26100 (10.0.26100.8246)
Time: Thu Apr 23 18:40:58 2026 W. Central Africa Standard Time elapsed time: 1.279334 seconds (0d 0h 0m 1s)

---------------  T H R E A D  ---------------

Current thread (0x00000126f1ecaea0):  JavaThread "Unknown thread" [_thread_in_vm, id=228972, stack(0x0000000b0d300000,0x0000000b0d400000) (1024K)]

Stack: [0x0000000b0d300000,0x0000000b0d400000]
Native frames: (J=compiled Java code, j=interpreted, Vv=VM code, C=native code)
V  [jvm.dll+0x6e7c19]
V  [jvm.dll+0x8c5f53]
V  [jvm.dll+0x8c84ae]
V  [jvm.dll+0x8c8b93]
V  [jvm.dll+0x2899e6]
V  [jvm.dll+0x6e4455]
V  [jvm.dll+0x6d7f1a]
V  [jvm.dll+0x3640db]
V  [jvm.dll+0x36bca6]
V  [jvm.dll+0x3be046]
V  [jvm.dll+0x3be318]
V  [jvm.dll+0x33681c]
V  [jvm.dll+0x33750b]
V  [jvm.dll+0x88d3b9]
V  [jvm.dll+0x3cb218]
V  [jvm.dll+0x876408]
V  [jvm.dll+0x45ff5e]
V  [jvm.dll+0x461c41]
C  [jli.dll+0x52ab]
C  [ucrtbase.dll+0x37b0]
C  [KERNEL32.DLL+0x2e8d7]
C  [ntdll.dll+0x8c3fc]


---------------  P R O C E S S  ---------------

Threads class SMR info:
_java_thread_list=0x00007fffb141d188, length=0, elements={
}

Java Threads: ( => current thread )
Total: 0

Other Threads:
  0x00000126f4246e00 WorkerThread "GC Thread#0"                     [id=204992, stack(0x0000000b0d400000,0x0000000b0d500000) (1024K)]
  0x00000126f4258770 ConcurrentGCThread "G1 Main Marker"            [id=224284, stack(0x0000000b0d500000,0x0000000b0d600000) (1024K)]
  0x00000126f4259920 WorkerThread "G1 Conc#0"                       [id=230060, stack(0x0000000b0d600000,0x0000000b0d700000) (1024K)]

[error occurred during error reporting (printing all threads), id 0xc0000005, EXCEPTION_ACCESS_VIOLATION (0xc0000005) at pc=0x00007fffb0b098f7]
VM state: not at safepoint (not fully initialized)

VM Mutex/Monitor currently owned by a thread:  ([mutex/lock_event])
[0x00007fffb1491bc8] Heap_lock - owner thread: 0x00000126f1ecaea0

Heap address: 0x0000000704000000, size: 4032 MB, Compressed Oops mode: Zero based, Oop shift amount: 3

CDS archive(s) mapped at: [0x0000000000000000-0x0000000000000000-0x0000000000000000), size 0, SharedBaseAddress: 0x0000000800000000, ArchiveRelocationMode: 1.
Narrow klass base: 0x0000000000000000, Narrow klass shift: 0, Narrow klass range: 0x0

GC Precious Log:
 CardTable entry size: 512
 Card Set container configuration: InlinePtr #cards 4 size 8 Array Of Cards #cards 16 size 48 Howl #buckets 8 coarsen threshold 3686 Howl Bitmap #cards 512 size 80 coarsen threshold 460 Card regions per heap region 1 cards per card region 4096

Heap:
 garbage-first heap   total 0K, used 0K [0x0000000704000000, 0x0000000800000000)
  region size 2048K, 0 young (0K), 0 survivors (0K)
 Metaspace       used 0K, committed 0K, reserved 0K
  class space    used 0K, committed 0K, reserved 0K

Heap Regions: E=young(eden), S=young(survivor), O=old, HS=humongous(starts), HC=humongous(continues), CS=collection set, F=free, TAMS=top-at-mark-start, PB=parsable bottom

Card table byte_map: [0x00000126f8d30000,0x00000126f9510000] _byte_map_base: 0x00000126f5510000

Marking Bits: (CMBitMap*) 0x00000126f4247410
 Bits: [0x00000126f9510000, 0x00000126fd410000)

GC Heap History (0 events):
No events

Dll operation events (1 events):
Event: 0.019 Loaded shared library C:\Program Files\JetBrains\IntelliJ IDEA Community Edition 2025.2\jbr\bin\java.dll

Deoptimization events (0 events):
No events

Classes loaded (0 events):
No events

Classes unloaded (0 events):
No events

Classes redefined (0 events):
No events

Internal exceptions (0 events):
No events

ZGC Phase Switch (0 events):
No events

VM Operations (0 events):
No events

Memory protections (0 events):
No events

Nmethod flushes (0 events):
No events

Events (0 events):
No events


Dynamic libraries:
0x00007ff7888c0000 - 0x00007ff7888ca000 	C:\Program Files\JetBrains\IntelliJ IDEA Community Edition 2025.2\jbr\bin\java.exe
0x00007ff895100000 - 0x00007ff895367000 	C:\WINDOWS\SYSTEM32\ntdll.dll
0x00007ff8948a0000 - 0x00007ff894969000 	C:\WINDOWS\System32\KERNEL32.DLL
0x00007ff892730000 - 0x00007ff892b24000 	C:\WINDOWS\System32\KERNELBASE.dll
0x00007ff892c60000 - 0x00007ff892dab000 	C:\WINDOWS\System32\ucrtbase.dll
0x00007ff87ded0000 - 0x00007ff87dee8000 	C:\Program Files\JetBrains\IntelliJ IDEA Community Edition 2025.2\jbr\bin\jli.dll
0x00007ff87eaf0000 - 0x00007ff87eb0b000 	C:\Program Files\JetBrains\IntelliJ IDEA Community Edition 2025.2\jbr\bin\VCRUNTIME140.dll
0x00007ff8945c0000 - 0x00007ff894785000 	C:\WINDOWS\System32\USER32.dll
0x00007ff892e60000 - 0x00007ff892e87000 	C:\WINDOWS\System32\win32u.dll
0x00007ff874bc0000 - 0x00007ff874e53000 	C:\WINDOWS\WinSxS\amd64_microsoft.windows.common-controls_6595b64144ccf1df_6.0.26100.8115_none_3e075c82e3354f9c\COMCTL32.dll
0x00007ff894c70000 - 0x00007ff894c9b000 	C:\WINDOWS\System32\GDI32.dll
0x00007ff895010000 - 0x00007ff8950b9000 	C:\WINDOWS\System32\msvcrt.dll
0x00007ff892b30000 - 0x00007ff892c5b000 	C:\WINDOWS\System32\gdi32full.dll
0x00007ff892390000 - 0x00007ff892433000 	C:\WINDOWS\System32\msvcp_win.dll
0x00007ff894580000 - 0x00007ff8945b2000 	C:\WINDOWS\System32\IMM32.DLL
0x00007ff88c820000 - 0x00007ff88c82c000 	C:\Program Files\JetBrains\IntelliJ IDEA Community Edition 2025.2\jbr\bin\vcruntime140_1.dll
0x00007ff845b90000 - 0x00007ff845c1d000 	C:\Program Files\JetBrains\IntelliJ IDEA Community Edition 2025.2\jbr\bin\msvcp140.dll
0x00007fffb07c0000 - 0x00007fffb1584000 	C:\Program Files\JetBrains\IntelliJ IDEA Community Edition 2025.2\jbr\bin\server\jvm.dll
0x00007ff894a30000 - 0x00007ff894ae6000 	C:\WINDOWS\System32\ADVAPI32.dll
0x00007ff893520000 - 0x00007ff8935c7000 	C:\WINDOWS\System32\sechost.dll
0x00007ff893400000 - 0x00007ff893518000 	C:\WINDOWS\System32\RPCRT4.dll
0x00007ff894d00000 - 0x00007ff894d80000 	C:\WINDOWS\System32\WS2_32.dll
0x00007ff891830000 - 0x00007ff89188e000 	C:\WINDOWS\SYSTEM32\POWRPROF.dll
0x00007ff8853f0000 - 0x00007ff8853fb000 	C:\WINDOWS\SYSTEM32\VERSION.dll
0x00007ff882640000 - 0x00007ff882676000 	C:\WINDOWS\SYSTEM32\WINMM.dll
0x00007ff891810000 - 0x00007ff891824000 	C:\WINDOWS\SYSTEM32\UMPDC.dll
0x00007ff890720000 - 0x00007ff89073b000 	C:\WINDOWS\SYSTEM32\kernel.appcore.dll
0x00007ff87f940000 - 0x00007ff87f94a000 	C:\Program Files\JetBrains\IntelliJ IDEA Community Edition 2025.2\jbr\bin\jimage.dll
0x00007ff88f060000 - 0x00007ff88f2a2000 	C:\WINDOWS\SYSTEM32\DBGHELP.DLL
0x00007ff893070000 - 0x00007ff8933f2000 	C:\WINDOWS\System32\combase.dll
0x00007ff8947c0000 - 0x00007ff894898000 	C:\WINDOWS\System32\OLEAUT32.dll
0x00007ff866690000 - 0x00007ff8666cb000 	C:\WINDOWS\SYSTEM32\dbgcore.DLL
0x00007ff892db0000 - 0x00007ff892e55000 	C:\WINDOWS\System32\bcryptPrimitives.dll
0x00007ff87ead0000 - 0x00007ff87eaf0000 	C:\Program Files\JetBrains\IntelliJ IDEA Community Edition 2025.2\jbr\bin\java.dll

dbghelp: loaded successfully - version: 4.0.5 - missing functions: none
symbol engine: initialized successfully - sym options: 0x614 - pdb path: .;C:\Program Files\JetBrains\IntelliJ IDEA Community Edition 2025.2\jbr\bin;C:\WINDOWS\SYSTEM32;C:\WINDOWS\WinSxS\amd64_microsoft.windows.common-controls_6595b64144ccf1df_6.0.26100.8115_none_3e075c82e3354f9c;C:\Program Files\JetBrains\IntelliJ IDEA Community Edition 2025.2\jbr\bin\server

VM Arguments:
java_command: git4idea.http.GitAskPassApp Username for 'https://github.com': 
java_class_path (initial): C:/Program Files/JetBrains/IntelliJ IDEA Community Edition 2025.2/plugins/vcs-git/lib/git4idea-rt.jar;C:/Program Files/JetBrains/IntelliJ IDEA Community Edition 2025.2/lib/externalProcess-rt.jar
Launcher Type: SUN_STANDARD

[Global flags]
     intx CICompilerCount                          = 4                                         {product} {ergonomic}
     uint ConcGCThreads                            = 2                                         {product} {ergonomic}
     uint G1ConcRefinementThreads                  = 8                                         {product} {ergonomic}
   size_t G1HeapRegionSize                         = 2097152                                   {product} {ergonomic}
    uintx GCDrainStackTargetSize                   = 64                                        {product} {ergonomic}
   size_t InitialHeapSize                          = 264241152                                 {product} {ergonomic}
   size_t MarkStackSize                            = 4194304                                   {product} {ergonomic}
   size_t MaxHeapSize                              = 4227858432                                {product} {ergonomic}
   size_t MinHeapDeltaBytes                        = 2097152                                   {product} {ergonomic}
   size_t MinHeapSize                              = 8388608                                   {product} {ergonomic}
    uintx NonNMethodCodeHeapSize                   = 5839372                                {pd product} {ergonomic}
    uintx NonProfiledCodeHeapSize                  = 122909434                              {pd product} {ergonomic}
    uintx ProfiledCodeHeapSize                     = 122909434                              {pd product} {ergonomic}
    uintx ReservedCodeCacheSize                    = 251658240                              {pd product} {ergonomic}
     bool SegmentedCodeCache                       = true                                      {product} {ergonomic}
   size_t SoftMaxHeapSize                          = 4227858432                             {manageable} {ergonomic}
     bool UseCompressedOops                        = true                           {product lp64_product} {ergonomic}
     bool UseG1GC                                  = true                                      {product} {ergonomic}
     bool UseLargePagesIndividualAllocation        = false                                  {pd product} {ergonomic}

Logging:
Log output configuration:
 #0: stdout all=warning uptime,level,tags foldmultilines=false
 #1: stderr all=off uptime,level,tags foldmultilines=false

Environment Variables:
JAVA_HOME=C:\Program Files\Java\jdk-24
PATH=C:/Program Files/Git/mingw64/libexec/git-core;C:/Program Files/Git/mingw64/libexec/git-core;C:\Program Files\Git\mingw64\bin;C:\Program Files\Git\usr\bin;C:\Users\USER\bin;C:\Program Files\PowerShell\7;%PATH%;C:\Maven\apache-maven-3.9.6\bin;C:\Program Files\dotnet\;C:\Program Files\PowerShell\7-preview;C:\Program Files\Common Files\Oracle\Java\javapath;C:\WINDOWS\system32;C:\WINDOWS;C:\WINDOWS\System32\Wbem;C:\WINDOWS\System32\WindowsPowerShell\v1.0\;C:\WINDOWS\System32\OpenSSH\;C:\Users\USER\OneDrive\Desktop\mongosh-2.5.6-win32-x64\bin;C:\Program Files\Git\cmd;C:\mongodb-tools\bin;C:\mongodb-tools\bin;C:\mongodb-tools\bin;C:\mongodb-tools\bin;C:\mongodb-tools\mongodb-database-tools-windows-x86_64-100.10.0\bin;C:\mongodb-tools\bin;C:\Users\USER\AppData\Local\nvm;C:\nvm4w\nodejs;C:\ProgramData\chocolatey\bin;C:\Program Files\nodejs\;C:\Program Files\PowerShell\7-preview\preview;C:\Program Files\Common Files\Oracle\Java\javapath;C:\WINDOWS\system32;C:\WINDOWS;C:\WINDOWS\System32\Wbem;C:\WINDOWS\System32\WindowsPowerShell\v1.0\;C:\WINDOWS\System32\OpenSSH\;C:\Users\USER\OneDrive\Desktop\mongosh-2.5.6-win32-x64\bin;C:\Program Files\Git\cmd;C:\Program Files\PowerShell\7-preview\preview;C:\mongodb-tools\bin;C:\mongodb-tools\bin;C:\mongod;C:\Maven\apache-maven-3.9.6\bin;C:\Program Files\dotnet\;C:\Program Files\PowerShell\7-preview;C:\Program Files\Common Files\Oracle\Java\javapath;C:\WINDOWS\system32;C:\WINDOWS;C:\WINDOWS\System32\Wbem;C:\WINDOWS\System32\WindowsPowerShell\v1.0\;C:\WINDOWS\System32\OpenSSH\;C:\Users\USER\OneDrive\Desktop\mongosh-2.5.6-win32-x64\bin;C:\Program Files\Git\cmd;C:\mongodb-tools\bin;C:\mongodb-tools\bin;C:\mongodb-tools\bin;C:\mongodb-tools\bin;C:\mongodb-tools\mongodb-database-tools-windows-x86_64-100.10.0\bin;C:\mongodb-tools\bin;C:\Users\USER\AppData\Local\nvm;C:\nvm4w\nodejs;C:\ProgramData\chocolatey\bin;C:\Program Files\PowerShell\7\;C:\Program Files\nodejs\;C:\Program Files\PowerShell\7-preview\preview;C:\Program Files\Common Files\Oracle\Java\javapath;C:\WINDOWS\system32;C:\WINDOWS;C:\WINDOWS\System32\Wbem;C:\WINDOWS\System32\WindowsPowerShell\v1.0\;C:\WINDOWS\System32\OpenSSH\;C:\Users\USER\OneDrive\Desktop\mongosh-2.5.6-win32-x64\bin;C:\Program Files\Git\cmd;C:\Program Files\PowerShell\7\;C:\Program Files\PowerShell\7-preview\preview;C:\mongodb-tools\bin;C:\mongodb-tools\bin;C:\mongod;C:\Program Files\WindowsApps\Microsoft.DesktopAppInstaller_1.27.350.0_x64__8wekyb3d8bbwe;C:\Program Files\GitHub CLI\;C:\Program Files\PowerShell\7-preview;C:\Program Files\Common Files\Oracle\Java\javapath;C:\WINDOWS\system32;C:\WINDOWS;C:\WINDOWS\System32\Wbem;C:\WINDOWS\System32\WindowsPowerShell\v1.0\;C:\WINDOWS\System32\OpenSSH\;C:\Users\USER\OneDrive\Desktop\mongosh-2.5.6-win32-x64\bin;C:\Program Files\Git\cmd;C:\mongodb-tools\bin;C:\mongodb-tools\bin;C:\mongodb-tools\bin;C:\mongodb-tools\bin;C:\mongodb-tools\mongodb-database-tools-windows-x86_64-100.10.0\bin;C:\mongodb-tools\bin;C:\Users\USER\AppData\Local\nvm;C:\nvm4w\nodejs;C:\ProgramData\chocolatey\bin;C:\Program Files\PowerShell\7\;C:\Program Files\nodejs\;C:\Program Files\PowerShell\7-preview\preview;C:\Program Files\Common Files\Oracle\Java\javapath;C:\WINDOWS\system32;C:\WINDOWS;C:\WINDOWS\System32\Wbem;C:\WINDOWS\System32\WindowsPowerShell\v1.0\;C:\WINDOWS\System32\OpenSSH\;C:\Users\USER\OneDrive\Desktop\mongosh-2.5.6-win32-x64\bin;C:\Program Files\Git\cmd;C:\Program Files\PowerShell\7\;C:\Program Files\PowerShell\7-preview\preview;C:\mongodb-tools\bin;C:\mongodb-tools\bin;C:\mongod;C:\Users\USER\AppData\Local\Programs\Microsoft VS Code\bin;C:\Users\USER\AppData\Local\Programs\mongosh\;C:\Users\USER\.dotnet\tools
USERNAME=DIVINE CHUKWUDI
DISPLAY=:0.0
LC_ALL=en_US.UTF-8
TERM=xterm-256color
TMPDIR=C:\Users\USER\AppData\Local\Temp
OS=Windows_NT
PROCESSOR_IDENTIFIER=Intel64 Family 6 Model 142 Stepping 12, GenuineIntel
TMP=C:\Users\USER\AppData\Local\Temp
TEMP=C:\Users\USER\AppData\Local\Temp




Periodic native trim disabled

JNI global refs:
JNI global refs: 0, weak refs: 0

JNI global refs memory usage: 0, weak refs: 0

Process memory usage:
Resident Set Size: 13044K (0% of 16513872K total physical memory with 646836K free physical memory)

OOME stack traces (most recent first):
Classloader memory used:

---------------  S Y S T E M  ---------------

OS:
 Windows 11 , 64 bit Build 26100 (10.0.26100.8246)
OS uptime: 5 days 22:49 hours
Hyper-V role detected

CPU: total 8 (initial active 8) (4 cores per cpu, 2 threads per core) family 6 model 142 stepping 12 microcode 0xf8, cx8, cmov, fxsr, ht, mmx, 3dnowpref, sse, sse2, sse3, ssse3, sse4.1, sse4.2, popcnt, lzcnt, tsc, tscinvbit, avx, avx2, aes, erms, clmul, bmi1, bmi2, adx, fma, vzeroupper, clflush, clflushopt, hv, rdtscp, f16c
Processor Information for processor 0
  Max Mhz: 2112, Current Mhz: 1910, Mhz Limit: 1900
Processor Information for processor 1
  Max Mhz: 2112, Current Mhz: 1910, Mhz Limit: 1900
Processor Information for processor 2
  Max Mhz: 2112, Current Mhz: 1910, Mhz Limit: 1900
Processor Information for processor 3
  Max Mhz: 2112, Current Mhz: 1508, Mhz Limit: 1900
Processor Information for processor 4
  Max Mhz: 2112, Current Mhz: 1910, Mhz Limit: 1900
Processor Information for processor 5
  Max Mhz: 2112, Current Mhz: 1508, Mhz Limit: 1900
Processor Information for processor 6
  Max Mhz: 2112, Current Mhz: 1910, Mhz Limit: 1900
Processor Information for processor 7
  Max Mhz: 2112, Current Mhz: 1508, Mhz Limit: 1900

Memory: 4k page, system-wide physical 16126M (631M free)
TotalPageFile size 46517M (AvailPageFile size 151M)
current process WorkingSet (physical memory assigned to process): 12M, peak: 12M
current process commit charge ("private bytes"): 60M, peak: 312M

vm_info: OpenJDK 64-Bit Server VM (21.0.7+6-b1038.58) for windows-amd64 JRE (21.0.7+6-b1038.58), built on 2025-07-07 by "builduser" with MS VC++ 16.10 / 16.11 (VS2019)

END.
