#
# There is insufficient memory for the Java Runtime Environment to continue.
# Native memory allocation (mmap) failed to map 264241152 bytes. Error detail: G1 virtual space
# Possible reasons:
#   The system is out of physical RAM or swap space
#   This process is running with CompressedOops enabled, and the Java Heap may be blocking the growth of the native heap
# Possible solutions:
#   Reduce memory load on the system
#   Increase physical memory or swap space
#   Check if swap backing store is full
#   Decrease Java heap size (-Xmx/-Xms)
#   Decrease number of Java threads
#   Decrease Java thread stack sizes (-Xss)
#   Set larger code cache with -XX:ReservedCodeCacheSize=
#   JVM is running with Zero Based Compressed Oops mode in which the Java heap is
#     placed in the first 32GB address space. The Java Heap base address is the
#     maximum limit for the native heap growth. Please use -XX:HeapBaseMinAddress
#     to set the Java Heap base and to place the Java Heap above 32GB virtual address.
# This output file may be truncated or incomplete.
#
#  Out of Memory Error (os_windows.cpp:3564), pid=192476, tid=189120
#
# JRE version:  (24.0.2+12) (build )
# Java VM: Java HotSpot(TM) 64-Bit Server VM (24.0.2+12-54, mixed mode, sharing, tiered, compressed oops, compressed class ptrs, g1 gc, windows-amd64)
# No core dump will be written. Minidumps are not enabled by default on client versions of Windows
#

---------------  S U M M A R Y ------------

Command Line: C:\Users\USER\AppData\Local\Temp\surefire2611049544140550255\surefirebooter-20260423150751910_3.jar C:\Users\USER\AppData\Local\Temp\surefire2611049544140550255 2026-04-23T15-07-51_411-jvmRun1 surefire-20260423150751910_1tmp surefire_0-20260423150751910_2tmp

Host: Intel(R) Core(TM) i7-8665U CPU @ 1.90GHz, 8 cores, 15G,  Windows 11 , 64 bit Build 26100 (10.0.26100.8246)
Time: Thu Apr 23 15:08:01 2026 W. Central Africa Standard Time elapsed time: 1.917134 seconds (0d 0h 0m 1s)

---------------  T H R E A D  ---------------

Current thread (0x00000266336b23a0):  JavaThread "Unknown thread" [_thread_in_vm, id=189120, stack(0x000000ff47200000,0x000000ff47300000) (1024K)]

Stack: [0x000000ff47200000,0x000000ff47300000]
Native frames: (J=compiled Java code, j=interpreted, Vv=VM code, C=native code)
V  [jvm.dll+0x730829]  (no source info available)
V  [jvm.dll+0x8d9da3]  (no source info available)
V  [jvm.dll+0x8dc28d]  (no source info available)
V  [jvm.dll+0x8dc903]  (no source info available)
V  [jvm.dll+0x2a9f56]  (no source info available)
V  [jvm.dll+0x72cd55]  (no source info available)
V  [jvm.dll+0x72066a]  (no source info available)
V  [jvm.dll+0x390b7a]  (no source info available)
V  [jvm.dll+0x398906]  (no source info available)
V  [jvm.dll+0x3850de]  (no source info available)
V  [jvm.dll+0x385398]  (no source info available)
V  [jvm.dll+0x35d10c]  (no source info available)
V  [jvm.dll+0x35ddcd]  (no source info available)
V  [jvm.dll+0x89d50f]  (no source info available)
V  [jvm.dll+0x3f979d]  (no source info available)
V  [jvm.dll+0x885b66]  (no source info available)
V  [jvm.dll+0x495e7e]  (no source info available)
V  [jvm.dll+0x497c51]  (no source info available)
C  [jli.dll+0x52a1]  (no source info available)
C  [ucrtbase.dll+0x37b0]  (no source info available)
C  [KERNEL32.DLL+0x2e8d7]  (no source info available)
C  [ntdll.dll+0x8c3fc]  (no source info available)

Lock stack of current Java thread (top to bottom):


---------------  P R O C E S S  ---------------

Threads class SMR info:
_java_thread_list=0x00007fffb36ff318, length=0, elements={
}

Java Threads: ( => current thread )
Total: 0

Other Threads:
  0x0000026635ba5110 WorkerThread "GC Thread#0"                     [id=204100, stack(0x000000ff47300000,0x000000ff47400000) (1024K)]
  0x0000026635bbab50 ConcurrentGCThread "G1 Main Marker"            [id=211060, stack(0x000000ff47400000,0x000000ff47500000) (1024K)]
  0x0000026635bbb660 WorkerThread "G1 Conc#0"                       [id=155700, stack(0x000000ff47500000,0x000000ff47600000) (1024K)]

[error occurred during error reporting (printing all threads), id 0xc0000005, EXCEPTION_ACCESS_VIOLATION (0xc0000005) at pc=0x00007fffb2e3138a]
VM state: not at safepoint (not fully initialized)

VM Mutex/Monitor currently owned by a thread:  ([mutex/lock_event])
[0x00007fffb37845f0] Heap_lock - owner thread: 0x00000266336b23a0

Heap address: 0x0000000704000000, size: 4032 MB, Compressed Oops mode: Zero based, Oop shift amount: 3

CDS archive(s) mapped at: [0x0000000000000000-0x0000000000000000-0x0000000000000000), size 0, SharedBaseAddress: 0x0000000800000000, ArchiveRelocationMode: 1.
UseCompressedClassPointers 1, UseCompactObjectHeaders 0
Narrow klass pointer bits 32, Max shift 3
Narrow klass base: 0xffffffffffffffff, Narrow klass shift: -1
Encoding Range: [0xffffffffffffffff - 0x000000007fffffff), (2147483648 bytes)
Klass Range:    [0x0000000000000000 - 0x0000000000000000), (0 bytes)
Klass ID Range:  [4294967295 - 0) (1)

GC Precious Log:
 CardTable entry size: 512
 Card Set container configuration: InlinePtr #cards 4 size 8 Array Of Cards #cards 16 size 48 Howl #buckets 8 coarsen threshold 3686 Howl Bitmap #cards 512 size 80 coarsen threshold 460 Card regions per heap region 1 cards per card region 4096

Heap:
 garbage-first heap   total reserved 4128768K, committed 0K, used 0K [0x0000000704000000, 0x0000000800000000)
  region size 2048K, 0 young (0K), 0 survivors (0K)

[error occurred during error reporting (printing heap information), id 0xc0000005, EXCEPTION_ACCESS_VIOLATION (0xc0000005) at pc=0x00007fffb324e679]
GC Heap History (0 events):
No events

Dll operation events (1 events):
Event: 0.207 Loaded shared library C:\Program Files\Java\jdk-24\bin\java.dll

Deoptimization events (0 events):
No events

Classes loaded (0 events):
No events

Classes unloaded (0 events):
No events

Classes redefined (0 events):
No events

Internal exceptions (0 events):
No events

VM Operations (0 events):
No events

Memory protections (0 events):
No events

Nmethod flushes (0 events):
No events

Events (0 events):
No events


Dynamic libraries:
0x00007ff7e9330000 - 0x00007ff7e9340000 	C:\Program Files\Java\jdk-24\bin\java.exe
0x00007ff895100000 - 0x00007ff895367000 	C:\WINDOWS\SYSTEM32\ntdll.dll
0x00007ff8948a0000 - 0x00007ff894969000 	C:\WINDOWS\System32\KERNEL32.DLL
0x00007ff892730000 - 0x00007ff892b24000 	C:\WINDOWS\System32\KERNELBASE.dll
0x00007ff892c60000 - 0x00007ff892dab000 	C:\WINDOWS\System32\ucrtbase.dll
0x00007ff87fe50000 - 0x00007ff87fe66000 	C:\Program Files\Java\jdk-24\bin\jli.dll
0x00007ff8945c0000 - 0x00007ff894785000 	C:\WINDOWS\System32\USER32.dll
0x00007ff892e60000 - 0x00007ff892e87000 	C:\WINDOWS\System32\win32u.dll
0x00007ff894c70000 - 0x00007ff894c9b000 	C:\WINDOWS\System32\GDI32.dll
0x00007ff892b30000 - 0x00007ff892c5b000 	C:\WINDOWS\System32\gdi32full.dll
0x00007ff892390000 - 0x00007ff892433000 	C:\WINDOWS\System32\msvcp_win.dll
0x00007ff87f990000 - 0x00007ff87f9ab000 	C:\Program Files\Java\jdk-24\bin\VCRUNTIME140.dll
0x00007ff874bc0000 - 0x00007ff874e53000 	C:\WINDOWS\WinSxS\amd64_microsoft.windows.common-controls_6595b64144ccf1df_6.0.26100.8115_none_3e075c82e3354f9c\COMCTL32.dll
0x00007ff895010000 - 0x00007ff8950b9000 	C:\WINDOWS\System32\msvcrt.dll
0x00007ff894580000 - 0x00007ff8945b2000 	C:\WINDOWS\System32\IMM32.DLL
0x00007ff882930000 - 0x00007ff88293c000 	C:\Program Files\Java\jdk-24\bin\vcruntime140_1.dll
0x00007ff87e0f0000 - 0x00007ff87e17e000 	C:\Program Files\Java\jdk-24\bin\msvcp140.dll
0x00007fffb2ac0000 - 0x00007fffb3861000 	C:\Program Files\Java\jdk-24\bin\server\jvm.dll
0x00007ff894a30000 - 0x00007ff894ae6000 	C:\WINDOWS\System32\ADVAPI32.dll
0x00007ff893520000 - 0x00007ff8935c7000 	C:\WINDOWS\System32\sechost.dll
0x00007ff893400000 - 0x00007ff893518000 	C:\WINDOWS\System32\RPCRT4.dll
0x00007ff894d00000 - 0x00007ff894d80000 	C:\WINDOWS\System32\WS2_32.dll
0x00007ff891830000 - 0x00007ff89188e000 	C:\WINDOWS\SYSTEM32\POWRPROF.dll
0x00007ff882640000 - 0x00007ff882676000 	C:\WINDOWS\SYSTEM32\WINMM.dll
0x00007ff8853f0000 - 0x00007ff8853fb000 	C:\WINDOWS\SYSTEM32\VERSION.dll
0x00007ff891810000 - 0x00007ff891824000 	C:\WINDOWS\SYSTEM32\UMPDC.dll
0x00007ff890720000 - 0x00007ff89073b000 	C:\WINDOWS\SYSTEM32\kernel.appcore.dll
0x00007ff87fe40000 - 0x00007ff87fe4a000 	C:\Program Files\Java\jdk-24\bin\jimage.dll
0x00007ff88f060000 - 0x00007ff88f2a2000 	C:\WINDOWS\SYSTEM32\DBGHELP.DLL
0x00007ff893070000 - 0x00007ff8933f2000 	C:\WINDOWS\System32\combase.dll
0x00007ff8947c0000 - 0x00007ff894898000 	C:\WINDOWS\System32\OLEAUT32.dll
0x00007ff866690000 - 0x00007ff8666cb000 	C:\WINDOWS\SYSTEM32\dbgcore.DLL
0x00007ff892db0000 - 0x00007ff892e55000 	C:\WINDOWS\System32\bcryptPrimitives.dll
0x00007ff87ed80000 - 0x00007ff87ed9e000 	C:\Program Files\Java\jdk-24\bin\java.dll
0x00007ff8935d0000 - 0x00007ff893767000 	C:\WINDOWS\System32\ole32.dll
0x00007ff893d10000 - 0x00007ff894477000 	C:\WINDOWS\System32\SHELL32.dll
0x00007ff8925c0000 - 0x00007ff89272a000 	C:\WINDOWS\System32\wintypes.dll

JVMTI agents: none

dbghelp: loaded successfully - version: 4.0.5 - missing functions: none
symbol engine: initialized successfully - sym options: 0x614 - pdb path: .;C:\Program Files\Java\jdk-24\bin;C:\WINDOWS\SYSTEM32;C:\WINDOWS\WinSxS\amd64_microsoft.windows.common-controls_6595b64144ccf1df_6.0.26100.8115_none_3e075c82e3354f9c;C:\Program Files\Java\jdk-24\bin\server

VM Arguments:
java_command: C:\Users\USER\AppData\Local\Temp\surefire2611049544140550255\surefirebooter-20260423150751910_3.jar C:\Users\USER\AppData\Local\Temp\surefire2611049544140550255 2026-04-23T15-07-51_411-jvmRun1 surefire-20260423150751910_1tmp surefire_0-20260423150751910_2tmp
java_class_path (initial): C:\Users\USER\AppData\Local\Temp\surefire2611049544140550255\surefirebooter-20260423150751910_3.jar
Launcher Type: SUN_STANDARD

[Global flags]
     intx CICompilerCount                          = 4                                         {product} {ergonomic}
     uint ConcGCThreads                            = 2                                         {product} {ergonomic}
     uint G1ConcRefinementThreads                  = 8                                         {product} {ergonomic}
   size_t G1HeapRegionSize                         = 2097152                                   {product} {ergonomic}
   size_t InitialHeapSize                          = 264241152                                 {product} {ergonomic}
   size_t MarkStackSize                            = 4194304                                   {product} {ergonomic}
   size_t MarkStackSizeMax                         = 536870912                                 {product} {ergonomic}
   size_t MaxHeapSize                              = 4227858432                                {product} {ergonomic}
   size_t MinHeapDeltaBytes                        = 2097152                                   {product} {ergonomic}
   size_t MinHeapSize                              = 8388608                                   {product} {ergonomic}
    uintx NonNMethodCodeHeapSize                   = 5832704                                {pd product} {ergonomic}
    uintx NonProfiledCodeHeapSize                  = 122945536                              {pd product} {ergonomic}
    uintx ProfiledCodeHeapSize                     = 122880000                              {pd product} {ergonomic}
    uintx ReservedCodeCacheSize                    = 251658240                              {pd product} {ergonomic}
     bool SegmentedCodeCache                       = true                                      {product} {ergonomic}
   size_t SoftMaxHeapSize                          = 4227858432                             {manageable} {ergonomic}
     bool UseCompressedOops                        = true                           {product lp64_product} {ergonomic}
     bool UseG1GC                                  = true                                      {product} {ergonomic}
     bool UseLargePagesIndividualAllocation        = false                                  {pd product} {ergonomic}

Logging:
Log output configuration:
 #0: stdout all=warning uptime,level,tags foldmultilines=false
 #1: stderr all=off uptime,level,tags foldmultilines=false

Environment Variables:
JAVA_HOME=C:\Program Files\Java\jdk-24
PATH=C:\Program Files\PowerShell\7;%PATH%;C:\Maven\apache-maven-3.9.6\bin;C:\Program Files\dotnet\;C:\Program Files\PowerShell\7-preview;C:\Program Files\Common Files\Oracle\Java\javapath;C:\WINDOWS\system32;C:\WINDOWS;C:\WINDOWS\System32\Wbem;C:\WINDOWS\System32\WindowsPowerShell\v1.0\;C:\WINDOWS\System32\OpenSSH\;C:\Users\USER\OneDrive\Desktop\mongosh-2.5.6-win32-x64\bin;C:\Program Files\Git\cmd;C:\mongodb-tools\bin;C:\mongodb-tools\bin;C:\mongodb-tools\bin;C:\mongodb-tools\bin;C:\mongodb-tools\mongodb-database-tools-windows-x86_64-100.10.0\bin;C:\mongodb-tools\bin;C:\Users\USER\AppData\Local\nvm;C:\nvm4w\nodejs;C:\ProgramData\chocolatey\bin;C:\Program Files\nodejs\;C:\Program Files\PowerShell\7-preview\preview;C:\Program Files\Common Files\Oracle\Java\javapath;C:\WINDOWS\system32;C:\WINDOWS;C:\WINDOWS\System32\Wbem;C:\WINDOWS\System32\WindowsPowerShell\v1.0\;C:\WINDOWS\System32\OpenSSH\;C:\Users\USER\OneDrive\Desktop\mongosh-2.5.6-win32-x64\bin;C:\Program Files\Git\cmd;C:\Program Files\PowerShell\7-preview\preview;C:\mongodb-tools\bin;C:\mongodb-tools\bin;C:\mongod;C:\Maven\apache-maven-3.9.6\bin;C:\Program Files\dotnet\;C:\Program Files\PowerShell\7-preview;C:\Program Files\Common Files\Oracle\Java\javapath;C:\WINDOWS\system32;C:\WINDOWS;C:\WINDOWS\System32\Wbem;C:\WINDOWS\System32\WindowsPowerShell\v1.0\;C:\WINDOWS\System32\OpenSSH\;C:\Users\USER\OneDrive\Desktop\mongosh-2.5.6-win32-x64\bin;C:\Program Files\Git\cmd;C:\mongodb-tools\bin;C:\mongodb-tools\bin;C:\mongodb-tools\bin;C:\mongodb-tools\bin;C:\mongodb-tools\mongodb-database-tools-windows-x86_64-100.10.0\bin;C:\mongodb-tools\bin;C:\Users\USER\AppData\Local\nvm;C:\nvm4w\nodejs;C:\ProgramData\chocolatey\bin;C:\Program Files\PowerShell\7\;C:\Program Files\nodejs\;C:\Program Files\PowerShell\7-preview\preview;C:\Program Files\Common Files\Oracle\Java\javapath;C:\WINDOWS\system32;C:\WINDOWS;C:\WINDOWS\System32\Wbem;C:\WINDOWS\System32\WindowsPowerShell\v1.0\;C:\WINDOWS\System32\OpenSSH\;C:\Users\USER\OneDrive\Desktop\mongosh-2.5.6-win32-x64\bin;C:\Program Files\Git\cmd;C:\Program Files\PowerShell\7\;C:\Program Files\PowerShell\7-preview\preview;C:\mongodb-tools\bin;C:\mongodb-tools\bin;C:\mongod;C:\Program Files\WindowsApps\Microsoft.DesktopAppInstaller_1.27.350.0_x64__8wekyb3d8bbwe;C:\Program Files\GitHub CLI\;C:\Program Files\PowerShell\7-preview;C:\Program Files\Common Files\Oracle\Java\javapath;C:\WINDOWS\system32;C:\WINDOWS;C:\WINDOWS\System32\Wbem;C:\WINDOWS\System32\WindowsPowerShell\v1.0\;C:\WINDOWS\System32\OpenSSH\;C:\Users\USER\OneDrive\Desktop\mongosh-2.5.6-win32-x64\bin;C:\Program Files\Git\cmd;C:\mongodb-tools\bin;C:\mongodb-tools\bin;C:\mongodb-tools\bin;C:\mongodb-tools\bin;C:\mongodb-tools\mongodb-database-tools-windows-x86_64-100.10.0\bin;C:\mongodb-tools\bin;C:\Users\USER\AppData\Local\nvm;C:\nvm4w\nodejs;C:\ProgramData\chocolatey\bin;C:\Program Files\PowerShell\7\;C:\Program Files\nodejs\;C:\Program Files\PowerShell\7-preview\preview;C:\Program Files\Common Files\Oracle\Java\javapath;C:\WINDOWS\system32;C:\WINDOWS;C:\WINDOWS\System32\Wbem;C:\WINDOWS\System32\WindowsPowerShell\v1.0\;C:\WINDOWS\System32\OpenSSH\;C:\Users\USER\OneDrive\Desktop\mongosh-2.5.6-win32-x64\bin;C:\Program Files\Git\cmd;C:\Program Files\PowerShell\7\;C:\Program Files\PowerShell\7-preview\preview;C:\mongodb-tools\bin;C:\mongodb-tools\bin;C:\mongod;C:\Users\USER\AppData\Local\Programs\Microsoft VS Code\bin;C:\Users\USER\AppData\Local\Programs\mongosh\;C:\Users\USER\.dotnet\tools
USERNAME=DIVINE CHUKWUDI
TERM=xterm
OS=Windows_NT
PROCESSOR_IDENTIFIER=Intel64 Family 6 Model 142 Stepping 12, GenuineIntel
TMP=C:\Users\USER\AppData\Local\Temp
TEMP=C:\Users\USER\AppData\Local\Temp




Periodic native trim disabled

---------------  S Y S T E M  ---------------

OS:
 Windows 11 , 64 bit Build 26100 (10.0.26100.8246)
OS uptime: 5 days 19:16 hours
Hyper-V role detected

CPU: total 8 (initial active 8) (4 cores per cpu, 2 threads per core) family 6 model 142 stepping 12 microcode 0xf8, cx8, cmov, fxsr, ht, mmx, 3dnowpref, sse, sse2, sse3, ssse3, sse4.1, sse4.2, popcnt, lzcnt, tsc, tscinvbit, avx, avx2, aes, erms, clmul, bmi1, bmi2, adx, fma, vzeroupper, clflush, clflushopt, hv, rdtscp, f16c
Processor Information for the first 8 processors :
  Max Mhz: 2112, Current Mhz: 1910, Mhz Limit: 1900

Memory: 4k page, system-wide physical 16126M (562M free)
TotalPageFile size 46517M (AvailPageFile size 128M)
current process WorkingSet (physical memory assigned to process): 14M, peak: 14M
current process commit charge ("private bytes"): 61M, peak: 312M

vm_info: Java HotSpot(TM) 64-Bit Server VM (24.0.2+12-54) for windows-amd64 JRE (24.0.2+12-54), built on 2025-07-08T12:10:27Z with MS VC++ 17.6 (VS2022)

END.
